{"data":{"listUsers":[{"name":"bbbbbb"},{"name":"bbbbbb"},{"name":"bbbbbb"},{"name":"bbbbbb"}]}}